[    1404ms] [WARNING] <meta name="apple-mobile-web-app-capable" content="yes"> is deprecated. Please include <meta name="mobile-web-app-capable" content="yes"> @ https://www.bolt.com/:0
[    9532ms] [WARNING] The resource https://www.bolt.com/fonts/agrandir-bolt/agrandir-bolt.otf was preloaded using link preload but not used within a few seconds from the window's load event. Please make sure it has an appropriate `as` value and it is preloaded intentionally. @ https://www.bolt.com/:0
[   18213ms] [WARNING] The resource https://www.bolt.com/fonts/agrandir-bolt/agrandir-bolt.otf was preloaded using link preload but not used within a few seconds from the window's load event. Please make sure it has an appropriate `as` value and it is preloaded intentionally. @ https://www.bolt.com/:0
[   21526ms] [WARNING] The resource https://www.bolt.com/fonts/agrandir-bolt/agrandir-bolt.otf was preloaded using link preload but not used within a few seconds from the window's load event. Please make sure it has an appropriate `as` value and it is preloaded intentionally. @ https://www.bolt.com/:0
[   36528ms] [WARNING] The resource https://www.bolt.com/fonts/agrandir-bolt/agrandir-bolt.otf was preloaded using link preload but not used within a few seconds from the window's load event. Please make sure it has an appropriate `as` value and it is preloaded intentionally. @ https://www.bolt.com/:0
[   51522ms] [WARNING] The resource https://www.bolt.com/fonts/agrandir-bolt/agrandir-bolt.otf was preloaded using link preload but not used within a few seconds from the window's load event. Please make sure it has an appropriate `as` value and it is preloaded intentionally. @ https://www.bolt.com/:0
[   81540ms] [WARNING] The resource https://www.bolt.com/fonts/agrandir-bolt/agrandir-bolt.otf was preloaded using link preload but not used within a few seconds from the window's load event. Please make sure it has an appropriate `as` value and it is preloaded intentionally. @ https://www.bolt.com/:0
[  126535ms] [WARNING] The resource https://www.bolt.com/fonts/agrandir-bolt/agrandir-bolt.otf was preloaded using link preload but not used within a few seconds from the window's load event. Please make sure it has an appropriate `as` value and it is preloaded intentionally. @ https://www.bolt.com/:0
[  201534ms] [WARNING] The resource https://www.bolt.com/fonts/agrandir-bolt/agrandir-bolt.otf was preloaded using link preload but not used within a few seconds from the window's load event. Please make sure it has an appropriate `as` value and it is preloaded intentionally. @ https://www.bolt.com/:0
[  257697ms] [WARNING] <meta name="apple-mobile-web-app-capable" content="yes"> is deprecated. Please include <meta name="mobile-web-app-capable" content="yes"> @ https://www.bolt.com/pay:0
[  259617ms] [WARNING] <meta name="apple-mobile-web-app-capable" content="yes"> is deprecated. Please include <meta name="mobile-web-app-capable" content="yes"> @ https://www.bolt.com/:0
[  267753ms] [WARNING] The resource https://www.bolt.com/fonts/agrandir-bolt/agrandir-bolt.otf was preloaded using link preload but not used within a few seconds from the window's load event. Please make sure it has an appropriate `as` value and it is preloaded intentionally. @ https://www.bolt.com/:0
[  278749ms] [WARNING] The resource https://www.bolt.com/fonts/agrandir-bolt/agrandir-bolt.otf was preloaded using link preload but not used within a few seconds from the window's load event. Please make sure it has an appropriate `as` value and it is preloaded intentionally. @ https://www.bolt.com/:0
[  293755ms] [WARNING] The resource https://www.bolt.com/fonts/agrandir-bolt/agrandir-bolt.otf was preloaded using link preload but not used within a few seconds from the window's load event. Please make sure it has an appropriate `as` value and it is preloaded intentionally. @ https://www.bolt.com/:0
[  308728ms] [WARNING] The resource https://www.bolt.com/fonts/agrandir-bolt/agrandir-bolt.otf was preloaded using link preload but not used within a few seconds from the window's load event. Please make sure it has an appropriate `as` value and it is preloaded intentionally. @ https://www.bolt.com/:0
[  338981ms] [WARNING] The resource https://www.bolt.com/fonts/agrandir-bolt/agrandir-bolt.otf was preloaded using link preload but not used within a few seconds from the window's load event. Please make sure it has an appropriate `as` value and it is preloaded intentionally. @ https://www.bolt.com/:0
[  347025ms] [WARNING] <meta name="apple-mobile-web-app-capable" content="yes"> is deprecated. Please include <meta name="mobile-web-app-capable" content="yes"> @ https://www.bolt.com/pay:0
[  351296ms] [WARNING] The resource https://www.bolt.com/fonts/agrandir-bolt/agrandir-bolt.otf was preloaded using link preload but not used within a few seconds from the window's load event. Please make sure it has an appropriate `as` value and it is preloaded intentionally. @ https://www.bolt.com/pay:0
[  355118ms] [WARNING] The resource https://www.bolt.com/fonts/agrandir-bolt/agrandir-bolt.otf was preloaded using link preload but not used within a few seconds from the window's load event. Please make sure it has an appropriate `as` value and it is preloaded intentionally. @ https://www.bolt.com/pay:0
[  366768ms] [WARNING] The resource https://www.bolt.com/fonts/agrandir-bolt/agrandir-bolt.otf was preloaded using link preload but not used within a few seconds from the window's load event. Please make sure it has an appropriate `as` value and it is preloaded intentionally. @ https://www.bolt.com/pay:0
[  384303ms] [WARNING] The resource https://www.bolt.com/fonts/agrandir-bolt/agrandir-bolt.otf was preloaded using link preload but not used within a few seconds from the window's load event. Please make sure it has an appropriate `as` value and it is preloaded intentionally. @ https://www.bolt.com/pay:0
[  392180ms] [WARNING] The resource https://www.bolt.com/fonts/agrandir-bolt/agrandir-bolt.otf was preloaded using link preload but not used within a few seconds from the window's load event. Please make sure it has an appropriate `as` value and it is preloaded intentionally. @ https://www.bolt.com/pay:0
[  396783ms] [WARNING] The resource https://www.bolt.com/fonts/agrandir-bolt/agrandir-bolt.otf was preloaded using link preload but not used within a few seconds from the window's load event. Please make sure it has an appropriate `as` value and it is preloaded intentionally. @ https://www.bolt.com/pay:0
[  426783ms] [WARNING] The resource https://www.bolt.com/fonts/agrandir-bolt/agrandir-bolt.otf was preloaded using link preload but not used within a few seconds from the window's load event. Please make sure it has an appropriate `as` value and it is preloaded intentionally. @ https://www.bolt.com/pay:0
[  471781ms] [WARNING] The resource https://www.bolt.com/fonts/agrandir-bolt/agrandir-bolt.otf was preloaded using link preload but not used within a few seconds from the window's load event. Please make sure it has an appropriate `as` value and it is preloaded intentionally. @ https://www.bolt.com/pay:0
[  546794ms] [WARNING] The resource https://www.bolt.com/fonts/agrandir-bolt/agrandir-bolt.otf was preloaded using link preload but not used within a few seconds from the window's load event. Please make sure it has an appropriate `as` value and it is preloaded intentionally. @ https://www.bolt.com/pay:0
[  667013ms] [WARNING] The resource https://www.bolt.com/fonts/agrandir-bolt/agrandir-bolt.otf was preloaded using link preload but not used within a few seconds from the window's load event. Please make sure it has an appropriate `as` value and it is preloaded intentionally. @ https://www.bolt.com/pay:0
